  0 1 2 3 4 5 6 7 8 9 10 
0 A A A A A . . . . . . 
1 B B . . . . . . . . . 
2 C C C . . . . . . . . 
3 S S S . . . . . . . . 
4 D . . . . . . . . . . 
5 D . . . . . . . . . . 
6 D . . . . . . . . . . 
7 D . . . . . . . . . . 
8 . . . . . . . . . . . 
9 . . . . . . . . . . . 
