  0 1 2 3 4 5 6 7 8 9 10 
0 a A A A A . . . . . . 
1 b B . . . . . . . . . 
2 c C C . . . . . . . . 
3 s S S . . . . . . . . 
4 d . . . . . . . . . . 
5 D . . . . . . . . . . 
6 D . . . . . . . . . . 
7 D . . . . . . . . . . 
8 . . . . . . . . . . . 
9 . . . . . . . . . . . 
